// Jest Snapshot v1, https://goo.gl/fbAQLP

exports[`renders correctly 1`] = `
<main
  className="journal-main"
>
  <header
    className="navbar"
  >
    <p
      className="banner-heading"
    >
      PepysR
    </p>
    <div
      className="account-container"
    >
      <p
        className="user-email"
      />
      <button
        className="menu-btn"
        onClick={[Function]}
      >
        <img
          alt="Menu icon"
          className="menu-icon"
          src="menu.png"
        />
      </button>
    </div>
  </header>
  <div
    className="search-bar-form-container"
  >
    <form
      className="search-bar-form"
      onSubmit={[Function]}
    >
      <input
        className="search-bar"
        name="searchDate"
        onBlur={[Function]}
        onChange={[Function]}
        onFocus={[Function]}
        placeholder="DD/MM/YYYY"
        type="text"
      />
      <button
        className="search-btn"
      >
        ⌕
      </button>
    </form>
  </div>
  <div
    className="journal-container"
  >
    <div>
      <h1
        className="journal-date"
      >
        26 Feb, 2020
      </h1>
    </div>
    <form
      className="journal-form"
      onSubmit={[Function]}
    >
      <textarea
        className="journal-data-container"
        name="content"
        onBlur={[Function]}
        onChange={[Function]}
        value=""
      />
      <button
        className="journal-confirm-btn"
      >
        ✓
      </button>
      <div
        className="journal-nav-container"
      >
        <button
          className="journal-btn"
          onClick={[Function]}
          type="button"
        >
          ←
        </button>
        <button
          className="journal-btn"
          onClick={[Function]}
          type="button"
        >
          Home
        </button>
        <button
          className="journal-btn"
          onClick={[Function]}
          type="button"
        >
          →
        </button>
      </div>
    </form>
  </div>
</main>
`;
