// Jest Snapshot v1, https://goo.gl/fbAQLP

exports[`renders correctly 1`] = `
<header
  className="navbar"
>
  <p
    className="banner-heading"
  >
    PepysR
  </p>
  <div
    className="account-container"
  >
    <p
      className="user-email"
    />
    <button
      className="menu-btn"
      onClick={[Function]}
    >
      <img
        alt="Menu icon"
        className="menu-icon"
        src="menu.png"
      />
    </button>
  </div>
</header>
`;
